    0    2    1    1    2    1    1   1.00000
    2    2    1    1    2    1    1   0.00000
    0    2    1    1    2    1    3   0.00000
    2    2    1    1    2    1    3   1.00000

    0    2    1    3    2    1    1   0.00000
    2    2    1    3    2    1    1   0.50000
    0    2    1    3    2    1    3   1.00000
    2    2    1    3    2    1    3   0.50000


    0    2    1    1    2    2    5   0.00000
    2    2    1    1    2    2    5   0.40000
    0    2    1    1    2    2    3   0.00000
    2    2    1    1    2    2    3   0.60000
    0    2    1    3    2    2    5   0.00000
    2    2    1    3    2    2    5   0.70000
    0    2    1    3    2    2    3   0.00000
    2    2    1    3    2    2    3   0.30000
